Making all in lpc10
make[1]: Entering directory '/home/pzdanko/project/SoX/sox-code/lpc10'
  CC       analys.lo
  CC       bsynz.lo
  CC       chanwr.lo
  CC       dcbias.lo
  CC       decode.lo
  CC       deemp.lo
  CC       difmag.lo
  CC       dyptrk.lo
  CC       encode.lo
  CC       energy.lo
  CC       f2clib.lo
  CC       ham84.lo
  CC       hp100.lo
  CC       invert.lo
  CC       irc2pc.lo
  CC       ivfilt.lo
  CC       lpcdec.lo
  CC       lpcenc.lo
  CC       lpcini.lo
  CC       lpfilt.lo
  CC       median.lo
  CC       mload.lo
  CC       onset.lo
  CC       pitsyn.lo
  CC       placea.lo
  CC       placev.lo
  CC       preemp.lo
  CC       prepro.lo
  CC       random.lo
  CC       rcchk.lo
  CC       synths.lo
  CC       tbdm.lo
  CC       voicin.lo
  CC       vparms.lo
  CCLD     liblpc10.la
make[1]: Leaving directory '/home/pzdanko/project/SoX/sox-code/lpc10'
Making all in src
make[1]: Entering directory '/home/pzdanko/project/SoX/sox-code/src'
  CC       libsox_la-getopt.lo
  CC       libsox_la-fft4g.lo
  CC       sox.o
  CC       libsox_la-adpcms.lo
  CC       libsox_la-aiff.lo
  CC       libsox_la-cvsd.lo
  CC       libsox_la-g711.lo
  CC       libsox_la-g721.lo
  CC       libsox_la-g723_24.lo
  CC       libsox_la-g723_40.lo
  CC       libsox_la-g72x.lo
  CC       libsox_la-vox.lo
  CC       libsox_la-raw.lo
  CC       libsox_la-formats.lo
  CC       libsox_la-formats_i.lo
  CC       libsox_la-skelform.lo
  CC       libsox_la-util.lo
  CC       libsox_la-libsox.lo
  CC       libsox_la-libsox_i.lo
  CC       libsox_la-xmalloc.lo
  CC       libsox_la-sox-fmt.lo
  CC       libsox_la-bend.lo
  CC       libsox_la-biquad.lo
  CC       libsox_la-biquads.lo
  CC       libsox_la-chorus.lo
  CC       libsox_la-compand.lo
  CC       libsox_la-compandt.lo
  CC       libsox_la-contrast.lo
  CC       libsox_la-dcshift.lo
  CC       libsox_la-delay.lo
  CC       libsox_la-dft_filter.lo
  CC       libsox_la-dither.lo
  CC       libsox_la-divide.lo
  CC       libsox_la-downsample.lo
  CC       libsox_la-earwax.lo
  CC       libsox_la-echo.lo
  CC       libsox_la-echos.lo
  CC       libsox_la-effects.lo
  CC       libsox_la-effects_i.lo
  CC       libsox_la-effects_i_dsp.lo
  CC       libsox_la-fade.lo
  CC       libsox_la-fir.lo
  CC       libsox_la-firfit.lo
  CC       libsox_la-flanger.lo
  CC       libsox_la-gain.lo
  CC       libsox_la-hilbert.lo
  CC       libsox_la-input.lo
  CC       libsox_la-ladspa.lo
  CC       libsox_la-loudness.lo
  CC       libsox_la-mcompand.lo
  CC       libsox_la-noiseprof.lo
  CC       libsox_la-noisered.lo
  CC       libsox_la-output.lo
  CC       libsox_la-overdrive.lo
  CC       libsox_la-pad.lo
  CC       libsox_la-phaser.lo
  CC       libsox_la-rate.lo
  CC       libsox_la-remix.lo
  CC       libsox_la-repeat.lo
  CC       libsox_la-reverb.lo
  CC       libsox_la-reverse.lo
  CC       libsox_la-silence.lo
  CC       libsox_la-sinc.lo
  CC       libsox_la-skeleff.lo
  CC       libsox_la-speed.lo
  CC       libsox_la-splice.lo
  CC       libsox_la-stat.lo
  CC       libsox_la-stats.lo
  CC       libsox_la-stretch.lo
  CC       libsox_la-swap.lo
  CC       libsox_la-synth.lo
  CC       libsox_la-tempo.lo
  CC       libsox_la-tremolo.lo
  CC       libsox_la-trim.lo
  CC       libsox_la-upsample.lo
  CC       libsox_la-vad.lo
  CC       libsox_la-vol.lo
  CC       libsox_la-spectrogram.lo
  CC       libsox_la-raw-fmt.lo
  CC       libsox_la-s1-fmt.lo
  CC       libsox_la-s2-fmt.lo
  CC       libsox_la-s3-fmt.lo
  CC       libsox_la-s4-fmt.lo
  CC       libsox_la-u1-fmt.lo
  CC       libsox_la-u2-fmt.lo
  CC       libsox_la-u3-fmt.lo
  CC       libsox_la-u4-fmt.lo
  CC       libsox_la-al-fmt.lo
  CC       libsox_la-la-fmt.lo
  CC       libsox_la-ul-fmt.lo
  CC       libsox_la-lu-fmt.lo
  CC       libsox_la-8svx.lo
  CC       libsox_la-aiff-fmt.lo
  CC       libsox_la-aifc-fmt.lo
  CC       libsox_la-au.lo
  CC       libsox_la-avr.lo
  CC       libsox_la-cdr.lo
  CC       libsox_la-cvsd-fmt.lo
  CC       libsox_la-dvms-fmt.lo
  CC       libsox_la-dat.lo
  CC       libsox_la-hcom.lo
  CC       libsox_la-htk.lo
  CC       libsox_la-maud.lo
  CC       libsox_la-prc.lo
  CC       libsox_la-smp.lo
  CC       libsox_la-sf.lo
  CC       libsox_la-sounder.lo
  CC       libsox_la-soundtool.lo
  CC       libsox_la-sphere.lo
  CC       libsox_la-tx16w.lo
  CC       libsox_la-voc.lo
  CC       libsox_la-vox-fmt.lo
  CC       libsox_la-ima-fmt.lo
  CC       libsox_la-adpcm.lo
  CC       libsox_la-ima_rw.lo
  CC       libsox_la-wav.lo
  CC       libsox_la-wve.lo
  CC       libsox_la-xa.lo
  CC       libsox_la-nulfile.lo
  CC       libsox_la-f4-fmt.lo
  CC       libsox_la-f8-fmt.lo
  CC       libsox_la-gsrt.lo
  CC       libsox_la-id3.lo
  CC       libsox_la-alsa.lo
  CC       libsox_la-flac.lo
  CC       libsox_la-lpc10.lo
  CC       libsox_la-oss.lo
  CC       libsox_la-pulseaudio.lo
  CC       libsox_la-vorbis.lo
  CC       libsox_la-sndfile.lo
  CC       libsox_la-caf.lo
  CC       libsox_la-mat4.lo
  CC       libsox_la-mat5.lo
  CC       libsox_la-paf.lo
  CC       libsox_la-fap.lo
  CC       libsox_la-w64.lo
  CC       libsox_la-xi.lo
  CC       libsox_la-pvf.lo
  CC       libsox_la-sd2.lo
  CCLD     libsox.la
  CCLD     sox
make  all-am
make[2]: Entering directory '/home/pzdanko/project/SoX/sox-code/src'
for n in soxi play rec; do rm -f  $n && ln -s sox $n; done
make[2]: Leaving directory '/home/pzdanko/project/SoX/sox-code/src'
make[1]: Leaving directory '/home/pzdanko/project/SoX/sox-code/src'
make[1]: Entering directory '/home/pzdanko/project/SoX/sox-code'
make[1]: Nothing to be done for 'all-am'.
make[1]: Leaving directory '/home/pzdanko/project/SoX/sox-code'
